0 BraTS-GLI-00005-100 1
1 BraTS-GLI-00485-100 2
2 BraTS-GLI-00556-100 3
3 BraTS-GLI-02081-100 5
4 BraTS-GLI-02104-100 5
5 BraTS-GLI-02132-100 7
6 BraTS-GLI-02156-100 8
7 BraTS-GLI-02184-100 9
8 BraTS-GLI-02209-100 10
9 BraTS-GLI-02236-100 11
10 BraTS-GLI-02259-100 12
11 BraTS-GLI-02290-100 13
12 BraTS-GLI-02333-100 15
13 BraTS-GLI-02355-100 16
14 BraTS-GLI-02384-100 17
15 BraTS-GLI-02413-100 18
16 BraTS-GLI-02431-100 19
17 BraTS-GLI-02493-100 21
18 BraTS-GLI-02517-100 22
19 BraTS-GLI-02548-100 23
20 BraTS-GLI-02573-100 24
21 BraTS-GLI-02597-100 25
22 BraTS-GLI-02625-100 26
23 BraTS-GLI-02647-100 27
24 BraTS-GLI-02665-100 28
25 BraTS-GLI-02720-100 30
26 BraTS-GLI-02746-100 31
27 BraTS-GLI-02766-100 32
28 BraTS-GLI-02787-100 33
29 BraTS-GLI-02805-100 34
30 BraTS-GLI-02829-100 35
31 BraTS-GLI-02848-100 36
32 BraTS-GLI-02868-100 37
33 BraTS-GLI-02886-100 38
34 BraTS-GLI-02904-100 40
35 BraTS-GLI-02925-100 41
36 BraTS-GLI-02947-100 42
37 BraTS-GLI-02970-100 43
38 BraTS-GLI-02994-100 44
39 BraTS-GLI-03018-100 46
label frac [0.95675875 0.0011375  0.02946875 0.0043175  0.0083175 ]
ref {'dice': {'ET': 0.4031514219830124, 'NETC': 0.0, 'SNFH': 0.5070662634038904, 'RC': 0.02289105553200185}, 'macro': 0.23327718522972618}
K6 {'n_patients': 13, 'median_ET_dice': 0.32954545454358214, 'q25': 0.24522292993591527, 'q75': 0.48911222780487584, 'gate_met': True}
K7 t1n {'dice': {'ET': 0.34440969507420943, 'NETC': 0.0, 'SNFH': 0.502480158730145, 'RC': 0.016307513104249226}, 'macro': 0.2157993417271509}
K7 t1c {'dice': {'ET': 0.003294892915979326, 'NETC': 0.0018832391713729914, 'SNFH': 0.4792732924247574, 'RC': 0.023567064300258428}, 'macro': 0.12700462220309203}
K7 t2w {'dice': {'ET': 0.4470676409967309, 'NETC': 0.0018744142455465094, 'SNFH': 0.5013681213896658, 'RC': 0.004154919127466366}, 'macro': 0.2386162739398524}
K7 t2f {'dice': {'ET': 0.0017006802721083614, 'NETC': 0.0, 'SNFH': 0.0, 'RC': 0.0023991602938967763}, 'macro': 0.0010249601415012843}
K8 {'3': 0.003293013614179006, '5': 0.004725596184056523, '8': 0.01464620620072527, 'gate_met': False}
