0 BraTS-GLI-00005-100 1
1 BraTS-GLI-00485-100 2
2 BraTS-GLI-00556-100 4
3 BraTS-GLI-02081-100 5
4 BraTS-GLI-02104-100 6
5 BraTS-GLI-02132-100 7
6 BraTS-GLI-02156-100 8
7 BraTS-GLI-02184-100 9
8 BraTS-GLI-02209-100 10
9 BraTS-GLI-02236-100 11
10 BraTS-GLI-02259-100 12
11 BraTS-GLI-02290-100 13
12 BraTS-GLI-02333-100 14
13 BraTS-GLI-02355-100 16
14 BraTS-GLI-02384-100 16
15 BraTS-GLI-02413-100 18
16 BraTS-GLI-02431-100 19
17 BraTS-GLI-02493-100 20
18 BraTS-GLI-02517-100 21
19 BraTS-GLI-02548-100 22
20 BraTS-GLI-02573-100 23
21 BraTS-GLI-02597-100 24
22 BraTS-GLI-02625-100 25
23 BraTS-GLI-02647-100 26
24 BraTS-GLI-02665-100 27
25 BraTS-GLI-02720-100 29
26 BraTS-GLI-02746-100 30
27 BraTS-GLI-02766-100 31
28 BraTS-GLI-02787-100 32
29 BraTS-GLI-02805-100 33
30 BraTS-GLI-02829-100 34
31 BraTS-GLI-02848-100 36
32 BraTS-GLI-02868-100 37
33 BraTS-GLI-02886-100 38
34 BraTS-GLI-02904-100 39
35 BraTS-GLI-02925-100 40
36 BraTS-GLI-02947-100 42
37 BraTS-GLI-02970-100 43
38 BraTS-GLI-02994-100 44
39 BraTS-GLI-03018-100 45
label frac [0.95675875 0.0011375  0.02946875 0.0043175  0.0083175 ]
ref {'dice': {'ET': 0.4031514219830124, 'NETC': 0.0, 'SNFH': 0.5070662634038904, 'RC': 0.02289105553200185}, 'macro': 0.23327718522972618}
K9 {'dice': {'ET': 0.6335161918243437, 'NETC': 0.05827067669167456, 'SNFH': 0.6303212493312453, 'RC': 0.17976412166354067}, 'macro': 0.37546805987770104, 'gate_met': True}
K10 {'dice': {'ET': 0.3915900131405701, 'NETC': 0.03760938372741805, 'SNFH': 0.3117586097621529, 'RC': 0.1667980087262351}, 'macro': 0.22693900383909404, 'gate_met': False}
done 182
