0 BraTS-GLI-00005-100 1
1 BraTS-GLI-00485-100 3
2 BraTS-GLI-00556-100 4
3 BraTS-GLI-02081-100 5
4 BraTS-GLI-02104-100 6
5 BraTS-GLI-02132-100 7
6 BraTS-GLI-02156-100 9
7 BraTS-GLI-02184-100 10
8 BraTS-GLI-02209-100 11
9 BraTS-GLI-02236-100 12
10 BraTS-GLI-02259-100 13
11 BraTS-GLI-02290-100 14
12 BraTS-GLI-02333-100 15
13 BraTS-GLI-02355-100 17
14 BraTS-GLI-02384-100 18
15 BraTS-GLI-02413-100 19
16 BraTS-GLI-02431-100 20
17 BraTS-GLI-02493-100 21
18 BraTS-GLI-02517-100 22
19 BraTS-GLI-02548-100 23
20 BraTS-GLI-02573-100 25
21 BraTS-GLI-02597-100 26
22 BraTS-GLI-02625-100 27
23 BraTS-GLI-02647-100 28
24 BraTS-GLI-02665-100 29
25 BraTS-GLI-02720-100 30
26 BraTS-GLI-02746-100 31
27 BraTS-GLI-02766-100 32
28 BraTS-GLI-02787-100 33
29 BraTS-GLI-02805-100 35
30 BraTS-GLI-02829-100 36
31 BraTS-GLI-02848-100 37
32 BraTS-GLI-02868-100 38
33 BraTS-GLI-02886-100 39
34 BraTS-GLI-02904-100 40
35 BraTS-GLI-02925-100 41
36 BraTS-GLI-02947-100 42
37 BraTS-GLI-02970-100 44
38 BraTS-GLI-02994-100 45
39 BraTS-GLI-03018-100 46
label frac [0.95675875 0.0011375  0.02946875 0.0043175  0.0083175 ]
K1 {'ari_folds': [0.0022714364327903317, -0.005844735872949244, 0.002590531512469116, 0.02490242443544341, -0.0002916755874710018], 'ari': 0.004725596184056523, 'shuffle_ari': -2.6616835189436186e-05, 'gate': 'ARI>0.10 and > shuffle+0.05', 'met': False} K2 {'dice': {'ET': 0.0, 'NETC': 0.0, 'SNFH': 0.0, 'RC': 0.0}, 'macro': 0.0, 'gate': 'ET Dice>0.30', 'met': False}
 fold 0 59
 fold 1 66
 fold 2 75
 fold 3 83
 fold 4 90
 fold 0 99
 fold 1 107
 fold 2 115
 fold 3 123
 fold 4 130
K3 {'dice': {'ET': 0.4031514219830124, 'NETC': 0.0, 'SNFH': 0.5070662634038904, 'RC': 0.02289105553200185}, 'macro': 0.23327718522972618, 'gate': 'macro Dice > K2 macro', 'met': True, 'shuffle_macro': 0.0}
 fold 0 142
 fold 1 155
 fold 2 169
 fold 3 181
 fold 4 201
K4 {'dice': {'ET': 0.6494717215660892, 'NETC': 0.05835156819835277, 'SNFH': 0.661014878698281, 'RC': 0.13037479880430783}, 'macro': 0.3748032418167577, 'gate': 'macro Dice > K3+0.02', 'met': True}
K5 {'ari_raw': 0.010799994022276726, 'ari_z': 0.004725596184056523, 'delta': 0.006074397838220203, 'gate': '|delta|<0.05', 'met': True}
done 205.42411851882935
